[backblue.gif]
[fade.gif]
[index.html]
[willinkschool.org.uk/favicon.ico]
[ajax.googleapis.com/ajax/libs/jquery/1.8.3/jquery.min.js]
[willinkschool.org.uk/Becoming-a-Governor/Being_a_Governor_.pdf]
[willinkschool.org.uk/Governor-Meeting-Dates/MEETING_DATES_2021-22_V2.pdf]
[willinkschool.org.uk/Key_Information/Tutor_Groups_-_2021-09-03.pdf]
[willinkschool.org.uk/Forms/Holiday_Request_Form.pdf]
[willinkschool.org.uk/Curriculum/Extra-Curricular-Activities/Extra_Curricular_Activities_-_Autumn_2021___2021-11-01.pdf]
[willinkschool.org.uk/Sixth-Form/Sixth_Form_Prospectus___Course_Guide_2022_Entry.pdf]
[willinkschool.org.uk/Sixth-Form/Sixth_form_Application_Form_2022_entry.docx]
[willinkschool.org.uk/Sixth-Form-Handbook/Sixth_Form_Handbook_2021.pdf]
[willinkschool.org.uk/Sixth-Form-Code-of-Conduct-Dress-Code/Sixth_Form_Code_of_Conduct___Dress_Code_-_Feb_2021.pdf]
[willinkschool.org.uk/Sixth-Form/Sixth_Form_Home_School_Agreement_-_Sept_2021__.pdf]
[willinkschool.org.uk/Transition/Welcome.pdf]
[willinkschool.org.uk/Transition/Welcome_from_Year_7.pdf]
[willinkschool.org.uk/Transition/Key_Staff.pdf]
[willinkschool.org.uk/Transition/Peer_Mentors.pdf]
[willinkschool.org.uk/Transition/Route_Map.pdf]
[willinkschool.org.uk/Transition/Willink_Ways.pdf]
[willinkschool.org.uk/Transition/Communication.pdf]
[willinkschool.org.uk/Transition/Attendance___Punctuality.pdf]
[willinkschool.org.uk/Transition/Uniform___PE_Kit.pdf]
[willinkschool.org.uk/Transition/Curriculum.pdf]
[willinkschool.org.uk/Transition/Understanding_Your_Timetable.pdf]
[willinkschool.org.uk/Transition/Extra_Curricular_Actvities.pdf]
[willinkschool.org.uk/Transition/House_System.pdf]
[willinkschool.org.uk/Transition/School_Canteen_and_FSM.pdf]
[willinkschool.org.uk/Transition/School_Transport.pdf]
[willinkschool.org.uk/Transition/Frequently_Asked_Questions.pdf]
[willinkschool.org.uk/Events/Open_Evening_Flyer_2021_Web.pdf]
[willinkschool.org.uk/Sixth-Form/Open_Evening_Poster.pdf]
[translate.google.com/translate_a/element.6fa0d8.delayed]
[s3-eu-west-1.amazonaws.com/gsopublic/Cookie+Script/CookieScript_1.js]
[s3-eu-west-1.amazonaws.com/gsopublic/images/icons/ic-newsflash.png]
[willinkschool.org.uk/index.html]
[willinkschool.org.uk/Our-School/Term-Dates/index.html]
[willinkschool.org.uk/NHS-Test-and-Trace-COVID-19-testing-for-Staff-and-/index.html]
[willinkschool.org.uk/Payments-and-online-ordering/index.html]
[willinkschool.org.uk/Contact/How-to-find-us/index.html]
[willinkschool.org.uk/Our-School/Vacancies/index.html]
[willinkschool.org.uk/Welcome/index.html]
[willinkschool.org.uk/Our-School/Welcome/index.html]
[willinkschool.org.uk/Our-School/Prospectus/index.html]
[willinkschool.org.uk/School-Admissions/index.html]
[willinkschool.org.uk/Our-School/Policies/index.html]
[willinkschool.org.uk/Our-School/Ofsted/index.html]
[willinkschool.org.uk/Exam-results/index.html]
[willinkschool.org.uk/Our-School/Governors/index.html]
[willinkschool.org.uk/Willink-Governors/index.html]
[willinkschool.org.uk/Governor-Vacancies/index.html]
[willinkschool.org.uk/School-Development-Plan/index.html]
[willinkschool.org.uk/School-Heritage/index.html]
[willinkschool.org.uk/International/IS-Award/index.html]
[willinkschool.org.uk/Charitable-Trust/index.html]
[willinkschool.org.uk/News/School-Council/index.html]
[willinkschool.org.uk/Teaching-School/index.html]
[ajax.googleapis.com/ajax/libs/jqueryui/1.8.23/jquery-ui.min.js]
[willinkschool.org.uk/Calendar/index.html]
[willinkschool.org.uk/Parents/Policies/index.html]
[willinkschool.org.uk/Parents/Parent-Forum/E-Safety_Presentation.pdf]
[willinkschool.org.uk/Pastoral/Safeguarding/index.html]
[willinkschool.org.uk/About-us/index.html]
[willinkschool.org.uk/Parents/School-uniform/index.html]
[willinkschool.org.uk/School-Day/index.html]
[willinkschool.org.uk/Remote-Learning/index.html]
[willinkschool.org.uk/Parents/Exam-Information-14032016124710/index.html]
[willinkschool.org.uk/International/Trips-and-Visits/index.html]
[willinkschool.org.uk/Parents/Exam-Results-and-Appeals-2021/index.html]
[willinkschool.org.uk/Parents/Letters/index.html]
[willinkschool.org.uk/Parents/Parent-Forum/index.html]
[willinkschool.org.uk/Our-School/PTA/index.html]
[willinkschool.org.uk/Curriculum/Curriculum-Provision/index.html]
[willinkschool.org.uk/Curriculum/Art-and-Design/index.html]
[willinkschool.org.uk/Curriculum/Business-studies/index.html]
[willinkschool.org.uk/Curriculum/ICT/index.html]
[willinkschool.org.uk/Design-and-Technology/index.html]
[willinkschool.org.uk/Curriculum/Drama/index.html]
[willinkschool.org.uk/Curriculum/English/Bronze_award_booklet.pdf]
[willinkschool.org.uk/Curriculum/English/Silver_award_booklet.pdf]
[willinkschool.org.uk/Curriculum/English/Gold_award_booklet.pdf]
[willinkschool.org.uk/Curriculum/English/Platinum_Award_booklet.pdf]
[willinkschool.org.uk/Curriculum/English/index.html]
[willinkschool.org.uk/Curriculum/Food-Technology/index.html]
[willinkschool.org.uk/Curriculum/Geography/index.html]
[willinkschool.org.uk/Curriculum/History/index.html]
[willinkschool.org.uk/Curriculum/Languages/index.html]
[willinkschool.org.uk/Curriculum/Mathematics/index.html]
[willinkschool.org.uk/Curriculum/Media-Studies/index.html]
[willinkschool.org.uk/Curriculum/Music/index.html]
[willinkschool.org.uk/Curriculum/Personal-Social-Religious-Education/index.html]
[willinkschool.org.uk/Curriculum/Extra-Curricular-Activities/Extra_Curricular_Activities_-_Autumn_2021___2021-09-17.pdf]
[willinkschool.org.uk/Curriculum/Physical-Education/index.html]
[willinkschool.org.uk/Curriculum/Politics/index.html]
[willinkschool.org.uk/Curriculum/Religious-Education/index.html]
[willinkschool.org.uk/Curriculum/Science/index.html]
[willinkschool.org.uk/Curriculum/Social-Science/index.html]
[willinkschool.org.uk/Curriculum/Textiles-Technology/index.html]
[willinkschool.org.uk/Pastoral/LSU/index.html]
[willinkschool.org.uk/Curriculum/Duke-of-Edinburgh-Award-Scheme/index.html]
[willinkschool.org.uk/Careers/index.html]
[willinkschool.org.uk/Welcome-to-the-Willink-Sixth-Form/index.html]
[willinkschool.org.uk/Sixth-Form-Contact-Information/index.html]
[willinkschool.org.uk/Sixth-Form-Curriculum/index.html]
[willinkschool.org.uk/Applications-for-2020/index.html]
[willinkschool.org.uk/Announcements/index.html]
[willinkschool.org.uk/UCAS-Information/index.html]
[willinkschool.org.uk/Sixth-Form-Staff-List/index.html]
[willinkschool.org.uk/16-19-Tuition-Fund/index.html]
[willinkschool.org.uk/Pastoral/Transition/index.html]
[willinkschool.org.uk/Life-at-the-Willink/index.html]
[willinkschool.org.uk/Transition/French_Y6_Taster_video.mp4]
[willinkschool.org.uk/Transition/Spanish_Y6_Taster_video.mp4]
[willinkschool.org.uk/French-Spanish-Lessons/index.html]
[willinkschool.org.uk/Mobius-Maths-Hub-20072021113649/index.html]
[willinkschool.org.uk/Alumni/index.html]
[willinkschool.org.uk/Heads-Blog/index.html]
[willinkschool.org.uk/Events/Open_Evening_Flyer_2021.pdf]
[willinkschool.org.uk/Curriculum/Fortnight_House_Challenge_Results.pdf]
[willinkschool.org.uk/News/Start_of_Term_-31_12_20.pdf]
[willinkschool.org.uk/Whole-School/Start_of_Term_-_18_12_20.pdf]
[willinkschool.org.uk/News/End_of_Term_-_early_closure_letter_-_10_12_20.pdf]
[willinkschool.org.uk/Our-School/Policies/The_Willink_School_Risk_Assessment_-_6_11_20.pdf]
[willinkschool.org.uk/Teaching-School/Virtual_Information_Sessions_Dec_20___Spring_term_2021.pdf]
[willinkschool.org.uk/Whole-School/Advice_to_parents_1_.pdf]
[willinkschool.org.uk/Exam-results/The_Willink_School_-__GCSE_Press_Release_August_2020.pdf]
[willinkschool.org.uk/News/index.html]
[willinkschool.org.uk/We-Link/index.html]
[willinkschool.org.uk/News/Twitter/index.html]
[platform.twitter.com/widgets.js]
[willinkschool.org.uk/Diary/index.html]
[willinkschool.org.uk/Contact/Terms/index.html]
[willinkschool.org.uk/index-2.html]
[willinkschool.org.uk/News/Face-Coverings/index.html]
[willinkschool.org.uk/Term-Dates/index.html]
[willinkschool.org.uk/legal/index.html]
[translate.google.com/translate_a/elementa0d8.html]
[willinkschool.org.uk/Payments-and-online-ordering/chrome-extension_/hhojmcideegachlhfgfdhailpfhgknjm/web_accessible_resources/index.html]
[willinkschool.org.uk/Office@willink.w-berks.sch.html]
[willinkschool.org.uk/News/Read-to-Achieve-Launch/index.html]
[willinkschool.org.uk/News/GCSE-Results-2021/index.html]
[willinkschool.org.uk/News/A-Level-Exam-Results/index.html]
[willinkschool.org.uk/News/Latest-Government-School-Covid-19-Advice/index.html]
[www.willinkschool.org.uk/i/Sixth_Form/option-blocks-20-21.jpg]
[willinkschool.org.uk/News/GCSE-Results-Speaking-to-a-member-of-staff/index.html]
[willinkschool.org.uk/News/Update-on-A-Level-results-following-Ofqual-announc/index.html]
[willinkschool.org.uk/Exam-results/A_Level_Results_August_2020.pdf]
[willinkschool.org.uk/News/8X_Lockdown_2020.mp4]
[willinkschool.org.uk/News/Willink_School_Coronavirus_Student_Expansion_Risk_Assessment_-_12_6_20.pdf]
[willinkschool.org.uk/News/Behaviour_Code_-_amended_for_Covid-19_-_12_6_20.pdf]
[willinkschool.org.uk/Transition/Willink_Transition_Tour-720p__2000kbps_.mp4]
[willinkschool.org.uk/News/Year_7__-_10_Home_Study_Guidance.pdf]
[willinkschool.org.uk/News/Coronavirus_5_-23_3_20.pdf]
[willinkschool.org.uk/We-Link/WeLink_Issue_62.pdf]
[willinkschool.org.uk/News/Parent_Survey_-_December_2019.pdf]
[willinkschool.org.uk/We-Link/WeLink_Issue_59_.pdf]
[willinkschool.org.uk/We-Link/WeLink_Issue_57_.pdf]
[willinkschool.org.uk/Teaching-School/Train_To_Teach_Information_Sessions_2019-20_March___April.pdf]
[willinkschool.org.uk/News/Newbury_Weekly_News_Response/Newbury_Weekly_News_-_8_4_19.pdf]
[willinkschool.org.uk/News/Parent_Questionnaire_2018.pdf]
[willinkschool.org.uk/GCSE_Results_August_2018.pdf]
[willinkschool.org.uk/News/Index6b03.html]
[willinkschool.org.uk/News/Willink-20-Community-Support/index.html]
[willinkschool.org.uk/News/Post-Easter-Update-Home-learning-revised-timetable/index.html]
[willinkschool.org.uk/News/Further-Details-on-Awarding-Grades-for-GCSE-and-A-/index.html]
[willinkschool.org.uk/News/Fundraising-with-School-Angel/index.html]
[willinkschool.org.uk/GCSE_Summer_Timetable_2020.html]
[willinkschool.org.uk/News/GCSE-Results-2019/index.html]
[willinkschool.org.uk/News/A-Level-Exam-Results-2019/index.html]
[willinkschool.org.uk/News/Uniform-Letter-July-2019/index.html]
[willinkschool.org.uk/News/WeLink-Issue-51/index.html]
[willinkschool.org.uk/News/Moldova-TV-Interview-Willink-Staff/index.html]
[willinkschool.org.uk/News/Activity-Week-Photography/index.html]
[willinkschool.org.uk/News/Train-to-Teach-Information-Sessions-Ist-July-2019/index.html]
[willinkschool.org.uk/News/Monthly-Maths-Puzzle-February-2018/index.html]
[willinkschool.org.uk/News/Monthly-Maths-Puzzle-January-2018/index.html]
[willinkschool.org.uk/News/Cheerleading-Trip/index.html]
[willinkschool.org.uk/News/Index187a.html]
